current directory: /Users/simonepernice/Desktop/GIT/R_packages_project/gitPage/epimod/vendor/bundle/ruby/2.6.0/gems/eventmachine-1.2.7/ext/fastfilereader
/System/Library/Frameworks/Ruby.framework/Versions/2.6/usr/bin/ruby -I /Library/Ruby/Site/2.6.0 -r ./siteconf20260127-12660-l6bjy1.rb extconf.rb
creating Makefile

current directory: /Users/simonepernice/Desktop/GIT/R_packages_project/gitPage/epimod/vendor/bundle/ruby/2.6.0/gems/eventmachine-1.2.7/ext/fastfilereader
make "DESTDIR=" clean

current directory: /Users/simonepernice/Desktop/GIT/R_packages_project/gitPage/epimod/vendor/bundle/ruby/2.6.0/gems/eventmachine-1.2.7/ext/fastfilereader
make "DESTDIR="
compiling mapper.cpp
compiling rubymain.cpp
In file included from rubymain.cpp:25:
In file included from /Library/Developer/CommandLineTools/SDKs/MacOSX.sdk/System/Library/Frameworks/Ruby.framework/Versions/2.6/usr/include/ruby-2.6.0/ruby.h:33:
In file included from /Library/Developer/CommandLineTools/SDKs/MacOSX.sdk/System/Library/Frameworks/Ruby.framework/Versions/2.6/usr/include/ruby-2.6.0/ruby/ruby.h:2111:
/Library/Developer/CommandLineTools/SDKs/MacOSX.sdk/System/Library/Frameworks/Ruby.framework/Versions/2.6/usr/include/ruby-2.6.0/ruby/intern.h:56:19: warning: 'register' storage class specifier is deprecated and incompatible with C++17 [-Wdeprecated-register]
   56 | void rb_mem_clear(register VALUE*, register long);
      |                   ^~~~~~~~
/Library/Developer/CommandLineTools/SDKs/MacOSX.sdk/System/Library/Frameworks/Ruby.framework/Versions/2.6/usr/include/ruby-2.6.0/ruby/intern.h:56:36: warning: 'register' storage class specifier is deprecated and incompatible with C++17 [-Wdeprecated-register]
   56 | void rb_mem_clear(register VALUE*, register long);
      |                                    ^~~~~~~~
2 warnings generated.
linking shared-object fastfilereaderext.bundle
ld: warning: search path '/AppleInternal/Library/BuildRoots/4~B6shugC-pBw2FFwMVaDEXpw0Mr2FHeLtgpupfQ8/Applications/Xcode.app/Contents/Developer/Platforms/MacOSX.platform/Developer/SDKs/MacOSX26.0.Internal.sdk/usr/local/lib' not found

current directory: /Users/simonepernice/Desktop/GIT/R_packages_project/gitPage/epimod/vendor/bundle/ruby/2.6.0/gems/eventmachine-1.2.7/ext/fastfilereader
make "DESTDIR=" install
/usr/bin/install -c -m 0755 fastfilereaderext.bundle ./.gem.20260127-12660-vnyfpp
