current directory: /Users/simonepernice/Desktop/GIT/R_packages_project/gitPage/epimod/vendor/bundle/ruby/2.6.0/gems/ffi-1.14.2/ext/ffi_c
/System/Library/Frameworks/Ruby.framework/Versions/2.6/usr/bin/ruby -I /Library/Ruby/Site/2.6.0 -r ./siteconf20260127-22001-1s4q63k.rb extconf.rb
checking for ffi_prep_closure_loc() in -lffi... no
checking for ffi_prep_closure_loc() in -llibffi... no
checking for ffi_prep_closure_loc() in -llibffi-8... no
checking for whether -Wl,--exclude-libs,ALL is accepted as LDFLAGS... no
creating extconf.h
creating Makefile

current directory: /Users/simonepernice/Desktop/GIT/R_packages_project/gitPage/epimod/vendor/bundle/ruby/2.6.0/gems/ffi-1.14.2/ext/ffi_c
make "DESTDIR=" clean

current directory: /Users/simonepernice/Desktop/GIT/R_packages_project/gitPage/epimod/vendor/bundle/ruby/2.6.0/gems/ffi-1.14.2/ext/ffi_c
make "DESTDIR="
Configuring libffi
/Users/simonepernice/Desktop/GIT/R_packages_project/gitPage/epimod/vendor/bundle/ruby/2.6.0/gems/ffi-1.14.2/ext/ffi_c/libffi/configure: line 18695: readelf: command not found
clang: error: unsupported option '-print-multi-os-directory'
clang: error: no input files
cd "/Users/simonepernice/Desktop/GIT/R_packages_project/gitPage/epimod/vendor/bundle/ruby/2.6.0/gems/ffi-1.14.2/ext/ffi_c/libffi-universal-darwin25" && /Library/Developer/CommandLineTools/usr/bin/make
/Library/Developer/CommandLineTools/usr/bin/make  all-recursive
Making all in include
make[3]: Nothing to be done for `all'.
Making all in testsuite
make[3]: Nothing to be done for `all'.
Making all in man
make[3]: Nothing to be done for `all'.
/bin/sh ./libtool  --tag=CC   --mode=compile xcrun clang -DHAVE_CONFIG_H -I. -I/Users/simonepernice/Desktop/GIT/R_packages_project/gitPage/epimod/vendor/bundle/ruby/2.6.0/gems/ffi-1.14.2/ext/ffi_c/libffi  -I. -I/Users/simonepernice/Desktop/GIT/R_packages_project/gitPage/epimod/vendor/bundle/ruby/2.6.0/gems/ffi-1.14.2/ext/ffi_c/libffi/include -Iinclude -I/Users/simonepernice/Desktop/GIT/R_packages_project/gitPage/epimod/vendor/bundle/ruby/2.6.0/gems/ffi-1.14.2/ext/ffi_c/libffi/src -DRUBY_EXTCONF_H=\"extconf.h\" -D_XOPEN_SOURCE -D_DARWIN_C_SOURCE -D_DARWIN_UNLIMITED_SELECT -D_REENTRANT    -Wall -fexceptions -c -o src/prep_cif.lo /Users/simonepernice/Desktop/GIT/R_packages_project/gitPage/epimod/vendor/bundle/ruby/2.6.0/gems/ffi-1.14.2/ext/ffi_c/libffi/src/prep_cif.c
libtool: compile:  xcrun clang -DHAVE_CONFIG_H -I. -I/Users/simonepernice/Desktop/GIT/R_packages_project/gitPage/epimod/vendor/bundle/ruby/2.6.0/gems/ffi-1.14.2/ext/ffi_c/libffi -I. -I/Users/simonepernice/Desktop/GIT/R_packages_project/gitPage/epimod/vendor/bundle/ruby/2.6.0/gems/ffi-1.14.2/ext/ffi_c/libffi/include -Iinclude -I/Users/simonepernice/Desktop/GIT/R_packages_project/gitPage/epimod/vendor/bundle/ruby/2.6.0/gems/ffi-1.14.2/ext/ffi_c/libffi/src -DRUBY_EXTCONF_H=\"extconf.h\" -D_XOPEN_SOURCE -D_DARWIN_C_SOURCE -D_DARWIN_UNLIMITED_SELECT -D_REENTRANT -Wall -fexceptions -c /Users/simonepernice/Desktop/GIT/R_packages_project/gitPage/epimod/vendor/bundle/ruby/2.6.0/gems/ffi-1.14.2/ext/ffi_c/libffi/src/prep_cif.c  -fno-common -DPIC -o src/.libs/prep_cif.o
/bin/sh ./libtool  --tag=CC   --mode=compile xcrun clang -DHAVE_CONFIG_H -I. -I/Users/simonepernice/Desktop/GIT/R_packages_project/gitPage/epimod/vendor/bundle/ruby/2.6.0/gems/ffi-1.14.2/ext/ffi_c/libffi  -I. -I/Users/simonepernice/Desktop/GIT/R_packages_project/gitPage/epimod/vendor/bundle/ruby/2.6.0/gems/ffi-1.14.2/ext/ffi_c/libffi/include -Iinclude -I/Users/simonepernice/Desktop/GIT/R_packages_project/gitPage/epimod/vendor/bundle/ruby/2.6.0/gems/ffi-1.14.2/ext/ffi_c/libffi/src -DRUBY_EXTCONF_H=\"extconf.h\" -D_XOPEN_SOURCE -D_DARWIN_C_SOURCE -D_DARWIN_UNLIMITED_SELECT -D_REENTRANT    -Wall -fexceptions -c -o src/types.lo /Users/simonepernice/Desktop/GIT/R_packages_project/gitPage/epimod/vendor/bundle/ruby/2.6.0/gems/ffi-1.14.2/ext/ffi_c/libffi/src/types.c
libtool: compile:  xcrun clang -DHAVE_CONFIG_H -I. -I/Users/simonepernice/Desktop/GIT/R_packages_project/gitPage/epimod/vendor/bundle/ruby/2.6.0/gems/ffi-1.14.2/ext/ffi_c/libffi -I. -I/Users/simonepernice/Desktop/GIT/R_packages_project/gitPage/epimod/vendor/bundle/ruby/2.6.0/gems/ffi-1.14.2/ext/ffi_c/libffi/include -Iinclude -I/Users/simonepernice/Desktop/GIT/R_packages_project/gitPage/epimod/vendor/bundle/ruby/2.6.0/gems/ffi-1.14.2/ext/ffi_c/libffi/src -DRUBY_EXTCONF_H=\"extconf.h\" -D_XOPEN_SOURCE -D_DARWIN_C_SOURCE -D_DARWIN_UNLIMITED_SELECT -D_REENTRANT -Wall -fexceptions -c /Users/simonepernice/Desktop/GIT/R_packages_project/gitPage/epimod/vendor/bundle/ruby/2.6.0/gems/ffi-1.14.2/ext/ffi_c/libffi/src/types.c  -fno-common -DPIC -o src/.libs/types.o
/bin/sh ./libtool  --tag=CC   --mode=compile xcrun clang -DHAVE_CONFIG_H -I. -I/Users/simonepernice/Desktop/GIT/R_packages_project/gitPage/epimod/vendor/bundle/ruby/2.6.0/gems/ffi-1.14.2/ext/ffi_c/libffi  -I. -I/Users/simonepernice/Desktop/GIT/R_packages_project/gitPage/epimod/vendor/bundle/ruby/2.6.0/gems/ffi-1.14.2/ext/ffi_c/libffi/include -Iinclude -I/Users/simonepernice/Desktop/GIT/R_packages_project/gitPage/epimod/vendor/bundle/ruby/2.6.0/gems/ffi-1.14.2/ext/ffi_c/libffi/src -DRUBY_EXTCONF_H=\"extconf.h\" -D_XOPEN_SOURCE -D_DARWIN_C_SOURCE -D_DARWIN_UNLIMITED_SELECT -D_REENTRANT    -Wall -fexceptions -c -o src/raw_api.lo /Users/simonepernice/Desktop/GIT/R_packages_project/gitPage/epimod/vendor/bundle/ruby/2.6.0/gems/ffi-1.14.2/ext/ffi_c/libffi/src/raw_api.c
libtool: compile:  xcrun clang -DHAVE_CONFIG_H -I. -I/Users/simonepernice/Desktop/GIT/R_packages_project/gitPage/epimod/vendor/bundle/ruby/2.6.0/gems/ffi-1.14.2/ext/ffi_c/libffi -I. -I/Users/simonepernice/Desktop/GIT/R_packages_project/gitPage/epimod/vendor/bundle/ruby/2.6.0/gems/ffi-1.14.2/ext/ffi_c/libffi/include -Iinclude -I/Users/simonepernice/Desktop/GIT/R_packages_project/gitPage/epimod/vendor/bundle/ruby/2.6.0/gems/ffi-1.14.2/ext/ffi_c/libffi/src -DRUBY_EXTCONF_H=\"extconf.h\" -D_XOPEN_SOURCE -D_DARWIN_C_SOURCE -D_DARWIN_UNLIMITED_SELECT -D_REENTRANT -Wall -fexceptions -c /Users/simonepernice/Desktop/GIT/R_packages_project/gitPage/epimod/vendor/bundle/ruby/2.6.0/gems/ffi-1.14.2/ext/ffi_c/libffi/src/raw_api.c  -fno-common -DPIC -o src/.libs/raw_api.o
/bin/sh ./libtool  --tag=CC   --mode=compile xcrun clang -DHAVE_CONFIG_H -I. -I/Users/simonepernice/Desktop/GIT/R_packages_project/gitPage/epimod/vendor/bundle/ruby/2.6.0/gems/ffi-1.14.2/ext/ffi_c/libffi  -I. -I/Users/simonepernice/Desktop/GIT/R_packages_project/gitPage/epimod/vendor/bundle/ruby/2.6.0/gems/ffi-1.14.2/ext/ffi_c/libffi/include -Iinclude -I/Users/simonepernice/Desktop/GIT/R_packages_project/gitPage/epimod/vendor/bundle/ruby/2.6.0/gems/ffi-1.14.2/ext/ffi_c/libffi/src -DRUBY_EXTCONF_H=\"extconf.h\" -D_XOPEN_SOURCE -D_DARWIN_C_SOURCE -D_DARWIN_UNLIMITED_SELECT -D_REENTRANT    -Wall -fexceptions -c -o src/java_raw_api.lo /Users/simonepernice/Desktop/GIT/R_packages_project/gitPage/epimod/vendor/bundle/ruby/2.6.0/gems/ffi-1.14.2/ext/ffi_c/libffi/src/java_raw_api.c
libtool: compile:  xcrun clang -DHAVE_CONFIG_H -I. -I/Users/simonepernice/Desktop/GIT/R_packages_project/gitPage/epimod/vendor/bundle/ruby/2.6.0/gems/ffi-1.14.2/ext/ffi_c/libffi -I. -I/Users/simonepernice/Desktop/GIT/R_packages_project/gitPage/epimod/vendor/bundle/ruby/2.6.0/gems/ffi-1.14.2/ext/ffi_c/libffi/include -Iinclude -I/Users/simonepernice/Desktop/GIT/R_packages_project/gitPage/epimod/vendor/bundle/ruby/2.6.0/gems/ffi-1.14.2/ext/ffi_c/libffi/src -DRUBY_EXTCONF_H=\"extconf.h\" -D_XOPEN_SOURCE -D_DARWIN_C_SOURCE -D_DARWIN_UNLIMITED_SELECT -D_REENTRANT -Wall -fexceptions -c /Users/simonepernice/Desktop/GIT/R_packages_project/gitPage/epimod/vendor/bundle/ruby/2.6.0/gems/ffi-1.14.2/ext/ffi_c/libffi/src/java_raw_api.c  -fno-common -DPIC -o src/.libs/java_raw_api.o
/Users/simonepernice/Desktop/GIT/R_packages_project/gitPage/epimod/vendor/bundle/ruby/2.6.0/gems/ffi-1.14.2/ext/ffi_c/libffi/src/java_raw_api.c:328:46: warning: 'ffi_java_raw_size' is deprecated [-Wdeprecated-declarations]
  328 |   ffi_java_raw *raw = (ffi_java_raw*)alloca (ffi_java_raw_size (cif));
      |                                              ^
include/ffi.h:299:56: note: 'ffi_java_raw_size' has been explicitly marked deprecated here
  299 | size_t ffi_java_raw_size (ffi_cif *cif) __attribute__((deprecated));
      |                                                        ^
/Users/simonepernice/Desktop/GIT/R_packages_project/gitPage/epimod/vendor/bundle/ruby/2.6.0/gems/ffi-1.14.2/ext/ffi_c/libffi/src/java_raw_api.c:331:3: warning: 'ffi_java_ptrarray_to_raw' is deprecated [-Wdeprecated-declarations]
  331 |   ffi_java_ptrarray_to_raw (cif, avalue, raw);
      |   ^
include/ffi.h:295:93: note: 'ffi_java_ptrarray_to_raw' has been explicitly marked deprecated here
  295 | void ffi_java_ptrarray_to_raw (ffi_cif *cif, void **args, ffi_java_raw *raw) __attribute__((deprecated));
      |                                                                                             ^
2 warnings generated.
/bin/sh ./libtool  --tag=CC   --mode=compile xcrun clang -DHAVE_CONFIG_H -I. -I/Users/simonepernice/Desktop/GIT/R_packages_project/gitPage/epimod/vendor/bundle/ruby/2.6.0/gems/ffi-1.14.2/ext/ffi_c/libffi  -I. -I/Users/simonepernice/Desktop/GIT/R_packages_project/gitPage/epimod/vendor/bundle/ruby/2.6.0/gems/ffi-1.14.2/ext/ffi_c/libffi/include -Iinclude -I/Users/simonepernice/Desktop/GIT/R_packages_project/gitPage/epimod/vendor/bundle/ruby/2.6.0/gems/ffi-1.14.2/ext/ffi_c/libffi/src -DRUBY_EXTCONF_H=\"extconf.h\" -D_XOPEN_SOURCE -D_DARWIN_C_SOURCE -D_DARWIN_UNLIMITED_SELECT -D_REENTRANT    -Wall -fexceptions -c -o src/closures.lo /Users/simonepernice/Desktop/GIT/R_packages_project/gitPage/epimod/vendor/bundle/ruby/2.6.0/gems/ffi-1.14.2/ext/ffi_c/libffi/src/closures.c
libtool: compile:  xcrun clang -DHAVE_CONFIG_H -I. -I/Users/simonepernice/Desktop/GIT/R_packages_project/gitPage/epimod/vendor/bundle/ruby/2.6.0/gems/ffi-1.14.2/ext/ffi_c/libffi -I. -I/Users/simonepernice/Desktop/GIT/R_packages_project/gitPage/epimod/vendor/bundle/ruby/2.6.0/gems/ffi-1.14.2/ext/ffi_c/libffi/include -Iinclude -I/Users/simonepernice/Desktop/GIT/R_packages_project/gitPage/epimod/vendor/bundle/ruby/2.6.0/gems/ffi-1.14.2/ext/ffi_c/libffi/src -DRUBY_EXTCONF_H=\"extconf.h\" -D_XOPEN_SOURCE -D_DARWIN_C_SOURCE -D_DARWIN_UNLIMITED_SELECT -D_REENTRANT -Wall -fexceptions -c /Users/simonepernice/Desktop/GIT/R_packages_project/gitPage/epimod/vendor/bundle/ruby/2.6.0/gems/ffi-1.14.2/ext/ffi_c/libffi/src/closures.c  -fno-common -DPIC -o src/.libs/closures.o
/bin/sh ./libtool  --tag=CC   --mode=compile xcrun clang -DHAVE_CONFIG_H -I. -I/Users/simonepernice/Desktop/GIT/R_packages_project/gitPage/epimod/vendor/bundle/ruby/2.6.0/gems/ffi-1.14.2/ext/ffi_c/libffi  -I. -I/Users/simonepernice/Desktop/GIT/R_packages_project/gitPage/epimod/vendor/bundle/ruby/2.6.0/gems/ffi-1.14.2/ext/ffi_c/libffi/include -Iinclude -I/Users/simonepernice/Desktop/GIT/R_packages_project/gitPage/epimod/vendor/bundle/ruby/2.6.0/gems/ffi-1.14.2/ext/ffi_c/libffi/src -DRUBY_EXTCONF_H=\"extconf.h\" -D_XOPEN_SOURCE -D_DARWIN_C_SOURCE -D_DARWIN_UNLIMITED_SELECT -D_REENTRANT    -Wall -fexceptions -c -o src/aarch64/ffi.lo /Users/simonepernice/Desktop/GIT/R_packages_project/gitPage/epimod/vendor/bundle/ruby/2.6.0/gems/ffi-1.14.2/ext/ffi_c/libffi/src/aarch64/ffi.c
libtool: compile:  xcrun clang -DHAVE_CONFIG_H -I. -I/Users/simonepernice/Desktop/GIT/R_packages_project/gitPage/epimod/vendor/bundle/ruby/2.6.0/gems/ffi-1.14.2/ext/ffi_c/libffi -I. -I/Users/simonepernice/Desktop/GIT/R_packages_project/gitPage/epimod/vendor/bundle/ruby/2.6.0/gems/ffi-1.14.2/ext/ffi_c/libffi/include -Iinclude -I/Users/simonepernice/Desktop/GIT/R_packages_project/gitPage/epimod/vendor/bundle/ruby/2.6.0/gems/ffi-1.14.2/ext/ffi_c/libffi/src -DRUBY_EXTCONF_H=\"extconf.h\" -D_XOPEN_SOURCE -D_DARWIN_C_SOURCE -D_DARWIN_UNLIMITED_SELECT -D_REENTRANT -Wall -fexceptions -c /Users/simonepernice/Desktop/GIT/R_packages_project/gitPage/epimod/vendor/bundle/ruby/2.6.0/gems/ffi-1.14.2/ext/ffi_c/libffi/src/aarch64/ffi.c  -fno-common -DPIC -o src/aarch64/.libs/ffi.o
/bin/sh ./libtool  --tag=CC   --mode=compile xcrun clang -DHAVE_CONFIG_H -I. -I/Users/simonepernice/Desktop/GIT/R_packages_project/gitPage/epimod/vendor/bundle/ruby/2.6.0/gems/ffi-1.14.2/ext/ffi_c/libffi  -I. -I/Users/simonepernice/Desktop/GIT/R_packages_project/gitPage/epimod/vendor/bundle/ruby/2.6.0/gems/ffi-1.14.2/ext/ffi_c/libffi/include -Iinclude -I/Users/simonepernice/Desktop/GIT/R_packages_project/gitPage/epimod/vendor/bundle/ruby/2.6.0/gems/ffi-1.14.2/ext/ffi_c/libffi/src -DRUBY_EXTCONF_H=\"extconf.h\" -D_XOPEN_SOURCE -D_DARWIN_C_SOURCE -D_DARWIN_UNLIMITED_SELECT -D_REENTRANT   -I. -I/Users/simonepernice/Desktop/GIT/R_packages_project/gitPage/epimod/vendor/bundle/ruby/2.6.0/gems/ffi-1.14.2/ext/ffi_c/libffi/include -Iinclude -I/Users/simonepernice/Desktop/GIT/R_packages_project/gitPage/epimod/vendor/bundle/ruby/2.6.0/gems/ffi-1.14.2/ext/ffi_c/libffi/src  -c -o src/aarch64/sysv.lo /Users/simonepernice/Desktop/GIT/R_packages_project/gitPage/epimod/vendor/bundle/ruby/2.6.0/gems/ffi-1.14.2/ext/ffi_c/libffi/src/aarch64/sysv.S
libtool: compile:  xcrun clang -DHAVE_CONFIG_H -I. -I/Users/simonepernice/Desktop/GIT/R_packages_project/gitPage/epimod/vendor/bundle/ruby/2.6.0/gems/ffi-1.14.2/ext/ffi_c/libffi -I. -I/Users/simonepernice/Desktop/GIT/R_packages_project/gitPage/epimod/vendor/bundle/ruby/2.6.0/gems/ffi-1.14.2/ext/ffi_c/libffi/include -Iinclude -I/Users/simonepernice/Desktop/GIT/R_packages_project/gitPage/epimod/vendor/bundle/ruby/2.6.0/gems/ffi-1.14.2/ext/ffi_c/libffi/src -DRUBY_EXTCONF_H=\"extconf.h\" -D_XOPEN_SOURCE -D_DARWIN_C_SOURCE -D_DARWIN_UNLIMITED_SELECT -D_REENTRANT -I. -I/Users/simonepernice/Desktop/GIT/R_packages_project/gitPage/epimod/vendor/bundle/ruby/2.6.0/gems/ffi-1.14.2/ext/ffi_c/libffi/include -Iinclude -I/Users/simonepernice/Desktop/GIT/R_packages_project/gitPage/epimod/vendor/bundle/ruby/2.6.0/gems/ffi-1.14.2/ext/ffi_c/libffi/src -c /Users/simonepernice/Desktop/GIT/R_packages_project/gitPage/epimod/vendor/bundle/ruby/2.6.0/gems/ffi-1.14.2/ext/ffi_c/libffi/src/aarch64/sysv.S  -fno-common -DPIC -o src/aarch64/.libs/sysv.o
/var/folders/81/9j7tyzks7c34104pkjdybty40000gn/T/sysv-d8a2be.s:27:2: error: invalid CFI advance_loc expression
 .cfi_def_cfa x1, 32;
 ^
/var/folders/81/9j7tyzks7c34104pkjdybty40000gn/T/sysv-d8a2be.s:176:2: error: invalid CFI advance_loc expression
 .cfi_adjust_cfa_offset (8*2 + (8 * 16 + 8 * 8) + 64)
 ^
/var/folders/81/9j7tyzks7c34104pkjdybty40000gn/T/sysv-d8a2be.s:274:2: error: invalid CFI advance_loc expression
 .cfi_adjust_cfa_offset -(8*2 + (8 * 16 + 8 * 8) + 64)
 ^
make[3]: *** [src/aarch64/sysv.lo] Error 1
make[2]: *** [all-recursive] Error 1
make[1]: *** [all] Error 2
make: *** ["/Users/simonepernice/Desktop/GIT/R_packages_project/gitPage/epimod/vendor/bundle/ruby/2.6.0/gems/ffi-1.14.2/ext/ffi_c/libffi-universal-darwin25"/.libs/libffi_convenience.a] Error 2

make failed, exit code 2
